// Jest Snapshot v1, https://goo.gl/fbAQLP

exports[`Booking Page returns different times on different days 1`] = `
<div>
  <h1>
    Booking Form
  </h1>
  <form
    class="form"
  >
    <div>
      <label
        for="res-date"
      >
        Choose Date:
      </label>
      <input
        id="res-date"
        max="2023-02-06"
        min="2023-01-06"
        required=""
        type="date"
        value="2023-01-23"
      />
    </div>
    <div>
      <label
        for="res-time"
      >
        Choose Time:
      </label>
      <select
        id="res-time"
      >
        <option>
          17:00
        </option>
        <option>
          17:30
        </option>
        <option>
          19:00
        </option>
        <option>
          19:30
        </option>
        <option>
          21:30
        </option>
        <option>
          22:00
        </option>
        <option>
          23:30
        </option>
      </select>
    </div>
    <div>
      <label
        for="guest"
      >
        Number of Guests: 
      </label>
      <input
        id="guests"
        max="10"
        min="1"
        placeholder="1"
        type="number"
        value="1"
      />
    </div>
    <label
      for="occasion"
    >
      Occasion: 
    </label>
    <select
      id="occasion"
    >
      <option>
        Birthday
      </option>
      <option>
        Anniversary
      </option>
    </select>
    <div>
      <input
        type="submit"
        value="Make your reservation"
      />
    </div>
  </form>
</div>
`;
